
Ejercicio 3


cande@DESKTOP-7AE9UVD MINGW64 /d/Usuario/Desktop/TDAI/1° año/2° Cuatrimestre/Tecnología de la Información en las Organizaciones/GIT/Practica_1/libro (master)
$ git status
On branch master

No commits yet

Untracked files:
  (use "git add <file>..." to include in what will be committed)
        indice.txt

nothing added to commit but untracked files present (use "git add" to track)

cande@DESKTOP-7AE9UVD MINGW64 /d/Usuario/Desktop/TDAI/1° año/2° Cuatrimestre/Tecnología de la Información en las Organizaciones/GIT/Practica_1/libro (master)
$ git add "indice.txt"

cande@DESKTOP-7AE9UVD MINGW64 /d/Usuario/Desktop/TDAI/1° año/2° Cuatrimestre/Tecnología de la Información en las Organizaciones/GIT/Practica_1/libro (master)
$ git status
On branch master

No commits yet

Changes to be committed:
  (use "git rm --cached <file>..." to unstage)
        new file:   indice.txt
